[html.design/demo/sunfarm/index.html]
[html.design/detroitchicago/boise.js]
[html.design/detroitchicago/boise420f.js]
[html.design/detroitchicago/memphis.js]
[html.design/detroitchicago/memphisf5cf.js]
[html.design/detroitchicago/minneapolis.js]
[html.design/detroitchicago/minneapolis453e.js]
[html.design/detroitchicago/rochester.js]
[html.design/detroitchicago/rochester9620.js]
[html.design/detroitchicago/raleigh.js]
[html.design/detroitchicago/raleigh2693.js]
[html.design/detroitchicago/tampa.js]
[html.design/detroitchicago/tampa45f7.js]
[html.design/detroitchicago/tulsa.js]
[backblue.gif]
[fade.gif]
[index.html]
[html.design/detroitchicago/tulsa1fee.js]
[html.design/demo/sunfarm/css/bootstrap.css]
[cdnjs.cloudflare.com/ajax/libs/slick-carousel/1.5.9/slick.min.css]
[cdnjs.cloudflare.com/ajax/libs/slick-carousel/1.5.9/slick-theme.min.css]
[html.design/demo/sunfarm/css/slick-theme.css]
[html.design/demo/sunfarm/css/font-awesome.min.css]
[html.design/demo/sunfarm/css/style.css]
[html.design/demo/sunfarm/css/responsive.css]
[html.design/demo/sunfarm/about.html]
[html.design/demo/sunfarm/flower.html]
[html.design/demo/sunfarm/product.html]
[html.design/demo/sunfarm/why.html]
[html.design/demo/sunfarm/images/slider-img.png]
[html.design/demo/sunfarm/images/about-img.png]
[html.design/demo/sunfarm/images/flower-img.png]
[html.design/demo/sunfarm/images/product1.png]
[html.design/demo/sunfarm/images/product2.png]
[html.design/demo/sunfarm/images/product3.png]
[html.design/demo/sunfarm/images/why-img1.png]
[html.design/demo/sunfarm/images/why-img2.png]
[html.design/demo/sunfarm/images/why-img3.png]
[html.design/demo/sunfarm/images/client.png]
[html.design/cdn-cgi/scripts/5c5dd728/cloudflare-static/email-decode.min.js]
[html.design/demo/sunfarm/js/jquery-3.4.1.min.js]
[html.design/demo/sunfarm/js/bootstrap.js]
[cdnjs.cloudflare.com/ajax/libs/slick-carousel/1.5.9/slick.min.js]
[html.design/demo/sunfarm/js/custom.js]
[html.design/tardisrocinante/vitals.js]
[html.design/tardisrocinante/vitals5038.js]
[html.design/demo/sunfarm/audins.js]
[go.ezoic.net/detroitchicago/audins0d9f.js]
[pixel.quantserve.com/pixel/p-31iz6hfFutd16d537.gif]
[html.design/beardeddragon/drake.js]
[html.design/beardeddragon/drake6190.js]
[html.design/demo/sunfarm/index.html]
[fonts.googleapis.com/css9d43.css]
[html.design/demo/sunfarm/about.html]
[html.design/demo/sunfarm/flower.html]
[html.design/demo/sunfarm/product.html]
[html.design/demo/sunfarm/why.html]
[html.design/detroitchicago/raleigh.js]
[html.design/detroitchicago/raleigh2693.js]
[html.design/detroitchicago/tampa45f7.js]
[html.design/detroitchicago/tampa.js]
[html.design/detroitchicago/tulsa1fee.js]
[html.design/demo/sunfarm/images/slider-img.png]
[html.design/demo/sunfarm/images/about-img.png]
[html.design/demo/sunfarm/images/product1.png]
[html.design/demo/sunfarm/images/flower-img.png]
[html.design/demo/sunfarm/images/product2.png]
[html.design/demo/sunfarm/images/product3.png]
[html.design/demo/sunfarm/images/why-img2.png]
[html.design/demo/sunfarm/images/client.png]
[html.design/cdn-cgi/scripts/5c5dd728/cloudflare-static/email-decode.min.js]
[html.design/demo/sunfarm/js/jquery-3.4.1.min.js]
[html.design/demo/sunfarm/js/bootstrap.js]
[html.design/demo/sunfarm/js/custom.js]
[html.design/tardisrocinante/vitals.js]
[html.design/tardisrocinante/vitals5038.js]
[pixel.quantserve.com/pixel/p-31iz6hfFutd16d537.gif]
[html.design/beardeddragon/drake.js]
[html.design/beardeddragon/drake6190.js]
[cdnjs.cloudflare.com/ajax/libs/slick-carousel/1.5.9/slick.min.js]
[html.design/demo/sunfarm/css/bootstrap.css]
[cdnjs.cloudflare.com/ajax/libs/slick-carousel/1.5.9/slick.min.css]
[cdnjs.cloudflare.com/ajax/libs/slick-carousel/1.5.9/ajax-loader.gif]
[cdnjs.cloudflare.com/ajax/libs/slick-carousel/1.5.9/fonts/slick.eot]
[cdnjs.cloudflare.com/ajax/libs/slick-carousel/1.5.9/fonts/slickd41d.eot]
[cdnjs.cloudflare.com/ajax/libs/slick-carousel/1.5.9/fonts/slick.eot]
[cdnjs.cloudflare.com/ajax/libs/slick-carousel/1.5.9/fonts/slick.woff]
[cdnjs.cloudflare.com/ajax/libs/slick-carousel/1.5.9/fonts/slick.ttf]
[cdnjs.cloudflare.com/ajax/libs/slick-carousel/1.5.9/fonts/slick.svg]
[cdnjs.cloudflare.com/ajax/libs/slick-carousel/1.5.9/slick-theme.min.css]
[html.design/demo/sunfarm/css/ajax-loader.39.delayed]
[html.design/demo/sunfarm/css/fonts/slick.eot]
[html.design/demo/sunfarm/css/fonts/slickd41d.eot]
[html.design/demo/sunfarm/css/fonts/slick.woff]
[html.design/demo/sunfarm/css/fonts/slick.ttf]
[html.design/demo/sunfarm/css/fonts/slick.svg]
[html.design/demo/sunfarm/css/slick-theme.css]
[html.design/demo/sunfarm/fonts/fontawesome-webfont3e6e.eot]
[html.design/demo/sunfarm/fonts/fontawesome-webfontd41d.eot]
[html.design/demo/sunfarm/fonts/fontawesome-webfont3e6e.woff2]
[html.design/demo/sunfarm/fonts/fontawesome-webfont3e6e.woff]
[html.design/demo/sunfarm/fonts/fontawesome-webfont3e6e.woff2]
[html.design/demo/sunfarm/fonts/fontawesome-webfont3e6e.ttf]
[html.design/demo/sunfarm/fonts/fontawesome-webfont3e6e.woff]
[html.design/demo/sunfarm/fonts/fontawesome-webfont3e6e.svg]
[html.design/demo/sunfarm/css/font-awesome.min.css]
[html.design/demo/sunfarm/fonts/fontawesome-webfont3e6e.ttf]
[html.design/demo/sunfarm/images/slider-bg.jpg]
[html.design/demo/sunfarm/images/product-bg.jpg]
[html.design/demo/sunfarm/images/client_img-bg.png]
[html.design/demo/sunfarm/css/style.css]
[html.design/demo/sunfarm/css/responsive.css]
[html.design/demo/sunfarm/audins.html]
[cdnjs.cloudflare.com/ajax/libs/slick-carousel/1.5.9/fonts/slick.svg]
[html.design/demo/sunfarm/css/ajax-loader.html]
[html.design/demo/sunfarm/css/fonts/slick.html]
[html.design/demo/sunfarm/css/fonts/slickd41d.html]
[html.design/demo/sunfarm/css/fonts/slick-2.html]
[html.design/demo/sunfarm/css/fonts/slick-3.html]
[html.design/demo/sunfarm/css/fonts/slick-4.html]
[html.design/demo/sunfarm/fonts/fontawesome-webfont3e6e.html]
[html.design/demo/sunfarm/fonts/fontawesome-webfontd41d.html]
[html.design/demo/sunfarm/fonts/fontawesome-webfont3e6e-2.html]
[html.design/detroitchicago/grapefruit.html]
[html.design/porpoiseant/army.html]
